  Wed Oct 18 15:42:55 2023 for program Focplt
 Input from file puna_20081018105_p.inp
     2
 Statn  Azimuth  TOAngl  Key  Log10 Ratio     Pol  TOAng2  Comment
EW02  193.21   81.26C
BB11  193.70   80.03C
BB12  195.99   79.87+
NS16  209.43   79.75C
NS15  210.70   79.80+
NS14  213.73   79.79+
EW09  217.40   80.06C
BB24  215.74   79.40+
NS10  222.98   79.94C
EW10  225.93   80.41C
NS08  230.95   80.01+
NS06  231.91   80.06C
BB19  236.82   85.76+
NS07  233.04   80.04C
NS05  236.35   80.06C
NS04  240.00   81.21+
EW13  241.69   79.98+
NS03  249.30   81.27D
BB10  251.35   80.05D
NS02  258.98   81.39D
NS01  267.54   81.40D
BB08  272.48   80.01D
BB05  272.11   79.91D
NS20  282.07   81.99D
BB06  288.41   79.81-
NS21  291.89   82.64D
NS22  299.73   82.41D
GALA  310.85   87.06D
NS24  313.11   81.05D
NS25  317.92   80.54D
NS26  322.89   80.06C
BB20  349.61   82.21+
BB21   50.51   80.06C
BB17   77.33   81.20D
BB16  128.39   80.05-
EW08  138.24   80.01+
EW07  146.44   80.04+
EW06  148.75   80.05+
BB18  150.80   83.88C
EW05  155.64   80.06C
BB13  178.05   79.84C
 Plotting P nodal planes
 
  Solutions input from file output_20081018105_rw.out
   Wed Oct 18 15:42:55 2023 for program Focmec
  Event 8703270729 1.75 relative weighted errors
  Input from a file puna_20081018105_p.inp
  20081018105
  Including emergent polarity picks
  Polarities/Errors:  P 041/ 0.2  SV 000/ 0.0  SH 000/ 0.0
  There are no amplitude ratio data
  The minimum, increment and maximum B axis trend:     0.00    5.00  355.00
  The limits for the B axis plunge:     0.00    5.00   90.00
  The limits for Angle:     0.00    5.00  175.00
 
     Dip,Strike,Rake     68.53   315.06   -57.50
     Dip,Strike,Rake     38.29    74.94  -143.80   Auxiliary Plane
     Lower Hem. Trend, Plunge of A,N    344.94    51.71   225.06    21.47
     Lower Hem. Trend & Plunge of B    121.93    30.00
     Lower Hem. Trend, Plunge of P,T    265.89    54.47    21.62    17.23
     MRR =-0.57  MTT = 0.79  MPP =-0.21  MRT = 0.30  MRP =-0.58  MTP =-0.29
     Dip,Strike,Rake     44.81   310.24   -35.53
     Dip,Strike,Rake     65.82    67.11  -128.95   Auxiliary Plane
     Lower Hem. Trend, Plunge of A,N    337.11    24.18   220.24    45.19
     Lower Hem. Trend & Plunge of B     85.43    35.00
     Lower Hem. Trend, Plunge of P,T    290.47    52.30   184.17    12.24
     MRR =-0.58  MTT = 0.90  MPP =-0.32  MRT =-0.38  MRP =-0.44  MTP =-0.19
     Dip,Strike,Rake     47.85   310.85   -39.32
     Dip,Strike,Rake     61.98    69.65  -130.52   Auxiliary Plane
     Lower Hem. Trend, Plunge of A,N    339.65    28.02   220.85    42.15
     Lower Hem. Trend & Plunge of B     91.52    35.00
     Lower Hem. Trend, Plunge of P,T    288.62    53.78   187.30     8.18
     MRR =-0.63  MTT = 0.93  MPP =-0.30  MRT =-0.29  MRP =-0.43  MTP =-0.23
     Dip,Strike,Rake     44.81   316.34   -35.53
     Dip,Strike,Rake     65.82    73.21  -128.95   Auxiliary Plane
     Lower Hem. Trend, Plunge of A,N    343.21    24.18   226.34    45.19
     Lower Hem. Trend & Plunge of B     91.53    35.00
     Lower Hem. Trend, Plunge of P,T    296.57    52.30   190.27    12.24
     MRR =-0.58  MTT = 0.85  MPP =-0.27  MRT =-0.42  MRP =-0.40  MTP =-0.32
     Dip,Strike,Rake     51.13   311.98   -42.55
     Dip,Strike,Rake     58.23    71.92  -132.43   Auxiliary Plane
     Lower Hem. Trend, Plunge of A,N    341.92    31.77   221.98    38.87
     Lower Hem. Trend & Plunge of B     97.62    35.00
     Lower Hem. Trend, Plunge of P,T    286.30    54.69   190.50     4.10
     MRR =-0.66  MTT = 0.94  MPP =-0.27  MRT =-0.20  MRP =-0.44  MTP =-0.27
     Dip,Strike,Rake     54.60   313.57   -45.28
     Dip,Strike,Rake     54.61    73.90  -134.72   Auxiliary Plane
     Lower Hem. Trend, Plunge of A,N    343.90    35.39   223.57    35.40
     Lower Hem. Trend & Plunge of B    103.73    35.00
     Lower Hem. Trend, Plunge of P,T    283.74    55.00    13.73     0.00
     MRR =-0.67  MTT = 0.93  MPP =-0.25  MRT =-0.11  MRP =-0.46  MTP =-0.31
     Dip,Strike,Rake     61.98   311.71   -49.48
     Dip,Strike,Rake     47.85    70.51  -140.68   Auxiliary Plane
     Lower Hem. Trend, Plunge of A,N    340.51    42.15   221.71    28.02
     Lower Hem. Trend & Plunge of B    109.83    35.00
     Lower Hem. Trend, Plunge of P,T    272.73    53.78    14.06     8.18
     MRR =-0.63  MTT = 0.92  MPP =-0.29  MRT = 0.11  MRP =-0.51  MTP =-0.25
     Dip,Strike,Rake     58.23   315.53   -47.57
     Dip,Strike,Rake     51.13    75.47  -137.45   Auxiliary Plane
     Lower Hem. Trend, Plunge of A,N    345.47    38.87   225.53    31.77
     Lower Hem. Trend & Plunge of B    109.83    35.00
     Lower Hem. Trend, Plunge of P,T    281.15    54.69    16.96     4.10
     MRR =-0.66  MTT = 0.90  MPP =-0.24  MRT =-0.02  MRP =-0.48  MTP =-0.34
     Dip,Strike,Rake     65.82   314.25   -51.04
     Dip,Strike,Rake     44.82    71.11  -144.47   Auxiliary Plane
     Lower Hem. Trend, Plunge of A,N    341.11    45.18   224.25    24.18
     Lower Hem. Trend & Plunge of B    115.92    35.00
     Lower Hem. Trend, Plunge of P,T    270.89    52.30    17.19    12.24
     MRR =-0.58  MTT = 0.87  MPP =-0.29  MRT = 0.19  MRP =-0.55  MTP =-0.28
     Dip,Strike,Rake     61.98   317.81   -49.48
     Dip,Strike,Rake     47.85    76.61  -140.68   Auxiliary Plane
     Lower Hem. Trend, Plunge of A,N    346.61    42.15   227.81    28.02
     Lower Hem. Trend & Plunge of B    115.93    35.00
     Lower Hem. Trend, Plunge of P,T    278.83    53.78    20.16     8.18
     MRR =-0.63  MTT = 0.86  MPP =-0.22  MRT = 0.06  MRP =-0.52  MTP =-0.37
     Dip,Strike,Rake     69.75   317.01   -52.31
     Dip,Strike,Rake     42.06    71.14  -148.89   Auxiliary Plane
     Lower Hem. Trend, Plunge of A,N    341.14    47.94   227.01    20.25
     Lower Hem. Trend & Plunge of B    122.04    35.00
     Lower Hem. Trend, Plunge of P,T    269.64    50.33    20.24    16.27
     MRR =-0.51  MTT = 0.81  MPP =-0.30  MRT = 0.26  MRP =-0.58  MTP =-0.30
     Dip,Strike,Rake     73.73   319.93   -53.31
     Dip,Strike,Rake     39.67    70.54  -153.97   Auxiliary Plane
     Lower Hem. Trend, Plunge of A,N    340.54    50.33   229.93    16.27
     Lower Hem. Trend & Plunge of B    128.14    35.00
     Lower Hem. Trend, Plunge of P,T    269.03    47.94    23.16    20.26
     MRR =-0.43  MTT = 0.74  MPP =-0.31  MRT = 0.31  MRP =-0.63  MTP =-0.31
     Dip,Strike,Rake     48.44   313.16   -30.79
     Dip,Strike,Rake     67.48    64.73  -134.10   Auxiliary Plane
     Lower Hem. Trend, Plunge of A,N    334.73    22.52   223.16    41.56
     Lower Hem. Trend & Plunge of B     85.09    40.00
     Lower Hem. Trend, Plunge of P,T    287.72    47.73   184.86    11.43
     MRR =-0.51  MTT = 0.91  MPP =-0.40  MRT =-0.35  MRP =-0.46  MTP =-0.21
     Dip,Strike,Rake     46.03   319.13   -26.73
     Dip,Strike,Rake     71.11    68.40  -132.79   Auxiliary Plane
     Lower Hem. Trend, Plunge of A,N    338.40    18.89   229.13    43.97
     Lower Hem. Trend & Plunge of B     85.09    40.00
     Lower Hem. Trend, Plunge of P,T    294.61    46.04   188.26    15.19
     MRR =-0.45  MTT = 0.83  MPP =-0.38  MRT =-0.46  MRP =-0.42  MTP =-0.31
     Dip,Strike,Rake     51.13   314.19   -34.36
     Dip,Strike,Rake     63.93    67.41  -135.68   Auxiliary Plane
     Lower Hem. Trend, Plunge of A,N    337.41    26.07   224.19    38.87
     Lower Hem. Trend & Plunge of B     91.64    39.99
     Lower Hem. Trend, Plunge of P,T    286.98    48.98   188.11     7.64
     MRR =-0.55  MTT = 0.93  MPP =-0.37  MRT =-0.28  MRP =-0.45  MTP =-0.26
     Dip,Strike,Rake     48.44   319.71   -30.79
     Dip,Strike,Rake     67.48    71.28  -134.10   Auxiliary Plane
     Lower Hem. Trend, Plunge of A,N    341.28    22.52   229.71    41.56
     Lower Hem. Trend & Plunge of B     91.64    40.00
     Lower Hem. Trend, Plunge of P,T    294.27    47.73   191.41    11.43
     MRR =-0.51  MTT = 0.85  MPP =-0.34  MRT =-0.40  MRP =-0.42  MTP =-0.36
     Dip,Strike,Rake     54.07   315.64   -37.45
     Dip,Strike,Rake     60.50    69.84  -137.61   Auxiliary Plane
     Lower Hem. Trend, Plunge of A,N    339.84    29.50   225.64    35.93
     Lower Hem. Trend & Plunge of B     98.18    40.00
     Lower Hem. Trend, Plunge of P,T    285.93    49.74   191.40     3.83
     MRR =-0.58  MTT = 0.93  MPP =-0.35  MRT =-0.20  MRP =-0.46  MTP =-0.30
     Dip,Strike,Rake     60.50   313.07   -42.39
     Dip,Strike,Rake     54.07    67.27  -142.55   Auxiliary Plane
     Lower Hem. Trend, Plunge of A,N    337.27    35.93   223.07    29.50
     Lower Hem. Trend & Plunge of B    104.72    40.00
     Lower Hem. Trend, Plunge of P,T    276.98    49.74    11.51     3.83
     MRR =-0.58  MTT = 0.95  MPP =-0.37  MRT = 0.01  MRP =-0.50  MTP =-0.25
     Dip,Strike,Rake     57.20   317.46   -40.12
     Dip,Strike,Rake     57.20    72.00  -139.88   Auxiliary Plane
     Lower Hem. Trend, Plunge of A,N    342.00    32.80   227.46    32.80
     Lower Hem. Trend & Plunge of B    104.73    40.00
     Lower Hem. Trend, Plunge of P,T    284.73    50.00    14.73     0.00
     MRR =-0.59  MTT = 0.91  MPP =-0.32  MRT =-0.13  MRP =-0.48  MTP =-0.35
     Dip,Strike,Rake     63.94   315.50   -44.31
     Dip,Strike,Rake     51.13    68.71  -145.65   Auxiliary Plane
     Lower Hem. Trend, Plunge of A,N    338.71    38.87   225.50    26.06
     Lower Hem. Trend & Plunge of B    111.27    40.00
     Lower Hem. Trend, Plunge of P,T    275.92    48.97    14.80     7.65
     MRR =-0.55  MTT = 0.91  MPP =-0.36  MRT = 0.08  MRP =-0.53  MTP =-0.29
     Dip,Strike,Rake     60.50   319.61   -42.39
     Dip,Strike,Rake     54.07    73.81  -142.55   Auxiliary Plane
     Lower Hem. Trend, Plunge of A,N    343.81    35.93   229.61    29.50
     Lower Hem. Trend & Plunge of B    111.26    40.00
     Lower Hem. Trend, Plunge of P,T    283.52    49.74    18.05     3.83
     MRR =-0.58  MTT = 0.88  MPP =-0.30  MRT =-0.05  MRP =-0.50  MTP =-0.39
     Dip,Strike,Rake     67.48   318.18   -45.90
     Dip,Strike,Rake     48.44    69.75  -149.21   Auxiliary Plane
     Lower Hem. Trend, Plunge of A,N    339.75    41.56   228.18    22.52
     Lower Hem. Trend & Plunge of B    117.82    40.00
     Lower Hem. Trend, Plunge of P,T    275.19    47.72    18.04    11.43
     MRR =-0.51  MTT = 0.86  MPP =-0.36  MRT = 0.14  MRP =-0.56  MTP =-0.32
     Dip,Strike,Rake     71.11   321.05   -47.21
     Dip,Strike,Rake     46.03    70.33  -153.26   Auxiliary Plane
     Lower Hem. Trend, Plunge of A,N    340.33    43.97   231.05    18.89
     Lower Hem. Trend & Plunge of B    124.37    40.00
     Lower Hem. Trend, Plunge of P,T    274.84    46.05    21.20    15.19
     MRR =-0.45  MTT = 0.81  MPP =-0.36  MRT = 0.19  MRP =-0.59  MTP =-0.35
     Dip,Strike,Rake     78.56   137.41   -49.02
     Dip,Strike,Rake     42.27   240.27  -162.85   Auxiliary Plane
     Lower Hem. Trend, Plunge of A,N    150.27    47.73    47.41    11.44
     Lower Hem. Trend & Plunge of B    307.63    40.00
     Lower Hem. Trend, Plunge of P,T     85.71    41.56   197.28    22.52
     MRR =-0.29  MTT = 0.77  MPP =-0.48  MRT =-0.37  MRP = 0.60  MTP =-0.20
     Dip,Strike,Rake     52.24   315.47   -26.57
     Dip,Strike,Rake     69.29    62.50  -139.11   Auxiliary Plane
     Lower Hem. Trend, Plunge of A,N    332.50    20.71   225.47    37.76
     Lower Hem. Trend & Plunge of B     84.71    45.00
     Lower Hem. Trend, Plunge of P,T    285.46    43.08   185.43    10.54
     MRR =-0.43  MTT = 0.92  MPP =-0.49  MRT =-0.31  MRP =-0.46  MTP =-0.23
     Dip,Strike,Rake     54.60   317.05   -29.84
     Dip,Strike,Rake     66.07    65.43  -140.67   Auxiliary Plane
     Lower Hem. Trend, Plunge of A,N    335.43    23.93   227.05    35.40
     Lower Hem. Trend & Plunge of B     91.77    45.00
     Lower Hem. Trend, Plunge of P,T    285.77    44.14   188.88     7.05
     MRR =-0.47  MTT = 0.92  MPP =-0.45  MRT =-0.26  MRP =-0.46  MTP =-0.28
     Dip,Strike,Rake     57.20   318.94   -32.73
     Dip,Strike,Rake     62.97    68.14  -142.54   Auxiliary Plane
     Lower Hem. Trend, Plunge of A,N    338.14    27.03   228.94    32.80
     Lower Hem. Trend & Plunge of B     98.81    45.00
     Lower Hem. Trend, Plunge of P,T    285.87    44.78   192.36     3.54
     MRR =-0.49  MTT = 0.91  MPP =-0.42  MRT =-0.20  MRP =-0.47  MTP =-0.34
     Dip,Strike,Rake     62.97   316.56   -37.45
     Dip,Strike,Rake     57.20    65.75  -147.27   Auxiliary Plane
     Lower Hem. Trend, Plunge of A,N    335.75    32.80   226.56    27.03
     Lower Hem. Trend & Plunge of B    105.88    45.00
     Lower Hem. Trend, Plunge of P,T    278.82    44.78    12.34     3.53
     MRR =-0.49  MTT = 0.94  MPP =-0.45  MRT =-0.02  MRP =-0.51  MTP =-0.28
     Dip,Strike,Rake     60.00   321.15   -35.26
     Dip,Strike,Rake     60.00    70.62  -144.74   Auxiliary Plane
     Lower Hem. Trend, Plunge of A,N    340.62    30.00   231.15    30.00
     Lower Hem. Trend & Plunge of B    105.88    45.00
     Lower Hem. Trend, Plunge of P,T    285.89    45.00    15.88     0.00
     MRR =-0.50  MTT = 0.89  MPP =-0.39  MRT =-0.14  MRP =-0.48  MTP =-0.39
     Dip,Strike,Rake     66.07   319.28   -39.32
     Dip,Strike,Rake     54.61    67.66  -150.16   Auxiliary Plane
     Lower Hem. Trend, Plunge of A,N    337.66    35.39   229.28    23.93
     Lower Hem. Trend & Plunge of B    112.93    45.00
     Lower Hem. Trend, Plunge of P,T    278.94    44.14    15.83     7.05
     MRR =-0.47  MTT = 0.90  MPP =-0.43  MRT = 0.04  MRP =-0.53  MTP =-0.34
     Dip,Strike,Rake     69.30   322.21   -40.89
     Dip,Strike,Rake     52.24    69.23  -153.44   Auxiliary Plane
     Lower Hem. Trend, Plunge of A,N    339.23    37.76   232.21    20.70
     Lower Hem. Trend & Plunge of B    120.00    45.00
     Lower Hem. Trend, Plunge of P,T    279.25    43.07    19.27    10.55
     MRR =-0.43  MTT = 0.85  MPP =-0.41  MRT = 0.09  MRP =-0.55  MTP =-0.39
     Dip,Strike,Rake     76.00   137.96   -43.22
     Dip,Strike,Rake     48.36   240.77  -161.11   Auxiliary Plane
     Lower Hem. Trend, Plunge of A,N    150.77    41.64    47.96    14.00
     Lower Hem. Trend & Plunge of B    303.52    45.00
     Lower Hem. Trend, Plunge of P,T     90.13    39.86   195.28    17.38
     MRR =-0.32  MTT = 0.85  MPP =-0.53  MRT =-0.27  MRP = 0.57  MTP =-0.23
     Dip,Strike,Rake     79.45   141.32   -44.01
     Dip,Strike,Rake     46.92   241.35  -165.48   Auxiliary Plane
     Lower Hem. Trend, Plunge of A,N    151.35    43.08    51.32    10.55
     Lower Hem. Trend & Plunge of B    310.59    45.00
     Lower Hem. Trend, Plunge of P,T     91.36    37.77   198.39    20.70
     MRR =-0.25  MTT = 0.79  MPP =-0.54  MRT =-0.30  MRP = 0.59  MTP =-0.28
     Dip,Strike,Rake     58.23   321.48   -25.70
     Dip,Strike,Rake     68.37    65.70  -145.50   Auxiliary Plane
     Lower Hem. Trend, Plunge of A,N    335.70    21.63   231.48    31.77
     Lower Hem. Trend & Plunge of B     93.91    50.00
     Lower Hem. Trend, Plunge of P,T    286.87    39.27   191.60     6.41
     MRR =-0.39  MTT = 0.90  MPP =-0.51  MRT =-0.25  MRP =-0.45  MTP =-0.36
     Dip,Strike,Rake     62.97   319.19   -30.68
     Dip,Strike,Rake     62.97    64.28  -149.32   Auxiliary Plane
     Lower Hem. Trend, Plunge of A,N    334.28    27.03   229.19    27.03
     Lower Hem. Trend & Plunge of B    101.74    50.00
     Lower Hem. Trend, Plunge of P,T    281.73    40.00    11.74     0.00
     MRR =-0.41  MTT = 0.93  MPP =-0.52  MRT =-0.10  MRP =-0.48  MTP =-0.32
     Dip,Strike,Rake     65.60   322.30   -32.73
     Dip,Strike,Rake     60.50    67.17  -151.66   Auxiliary Plane
     Lower Hem. Trend, Plunge of A,N    337.17    29.50   232.30    24.40
     Lower Hem. Trend & Plunge of B    109.57    50.00
     Lower Hem. Trend, Plunge of P,T    283.05    39.81    15.73     3.21
     MRR =-0.41  MTT = 0.89  MPP =-0.49  MRT =-0.06  MRP =-0.49  MTP =-0.39
     Dip,Strike,Rake     74.24   137.05   -37.25
     Dip,Strike,Rake     54.37   238.72  -160.48   Auxiliary Plane
     Lower Hem. Trend, Plunge of A,N    148.72    35.63    47.05    15.76
     Lower Hem. Trend & Plunge of B    297.39    50.00
     Lower Hem. Trend, Plunge of P,T     91.98    37.16   191.81    12.70
     MRR =-0.32  MTT = 0.91  MPP =-0.59  MRT =-0.19  MRP = 0.52  MTP =-0.21
     Dip,Strike,Rake     77.30   140.80   -38.26
     Dip,Strike,Rake     52.84   240.64  -163.99   Auxiliary Plane
     Lower Hem. Trend, Plunge of A,N    150.64    37.16    50.80    12.70
     Lower Hem. Trend & Plunge of B    305.22    50.00
     Lower Hem. Trend, Plunge of P,T     93.89    35.63   195.57    15.77
     MRR =-0.27  MTT = 0.86  MPP =-0.59  MRT =-0.22  MRP = 0.54  MTP =-0.28
     Dip,Strike,Rake     75.97   139.44   -32.40
     Dip,Strike,Rake     58.68   238.19  -163.51   Auxiliary Plane
     Lower Hem. Trend, Plunge of A,N    148.19    31.32    49.44    14.03
     Lower Hem. Trend & Plunge of B    298.53    55.00
     Lower Hem. Trend, Plunge of P,T     94.58    32.62   191.93    11.31
     MRR =-0.25  MTT = 0.92  MPP =-0.66  MRT =-0.15  MRP = 0.49  MTP =-0.25
     Dip,Strike,Rake     81.46   139.70   -34.07
     Dip,Strike,Rake     56.36   235.43  -169.72   Auxiliary Plane
     Lower Hem. Trend, Plunge of A,N    145.43    33.64    49.70     8.54
     Lower Hem. Trend & Plunge of B    307.32    55.00
     Lower Hem. Trend, Plunge of P,T     92.15    29.78   192.01    16.66
     MRR =-0.16  MTT = 0.88  MPP =-0.71  MRT =-0.25  MRP = 0.49  MTP =-0.21
